---
- name: Parameters and assignements
  uid: 
  parameters:
  - name: no_default
  - name: default_integer
  - name: default_string
  - name: default_list
- name: Control blocks
  uid: 
  parameters:
  - name: x
- name: start publisher
  uid: 
  parameters:
  - name: options
- name: null param
  uid: 
  parameters:
  - name: ploc
